(module
  (func (export "main") (result i32)
    (block (result i32)
      (block (result i32)
        i32.const 1
        drop
        (block (result i32)
          i32.const 1
          br 2
        )
      )
    )
  )
)
