(module
  (func (export "main") (param i32 i32)
  )
)