(module
  (type $func_type (func (param i32 i32 i32) (result i32)))
  (type $main_type (func (param i32) (result i32)))
  (type $new_type (func (param i32 i32) (result i32)))
  (func $add_func (type $main_type)
    local.get 0
    i32.const 4
    i32.add
    i32.const 5
    i32.add
  )
  (func $set_func (type $new_type)
    i32.const 3
    local.tee 1 ;; This parameters is tee'd so it can't be removed anymore
    i32.const 3
    drop
    drop
    i32.const 6
    i32.const 5
    drop
    drop
    i32.const 11
  )
  (func (export "main") (type $main_type)
    local.get 0
    i32.const 4
    i32.const 5
    drop
    drop
    call $add_func

    i32.const 3
    i32.const 4
    i32.const 5
    drop
    drop
    drop
    i32.const 11

    i32.add
  )
)
